// Jest Snapshot v1, https://goo.gl/fbAQLP

exports[`Archer Integration Uses a functional child API to work with third party renderers renders elements 1`] = `
<body>
  <div>
    <div
      style="height: 500px; margin: 50px;"
    >
      <div
        style="position: relative;"
      >
        <svg
          style="position: absolute; width: 100%; height: 100%; top: 0px; left: 0px; pointer-events: none;"
        >
          <defs>
            <marker
              id="arrow00001rootelement2-end"
              markerHeight="6"
              markerUnits="strokeWidth"
              markerWidth="10"
              orient="auto-start-reverse"
              refX="0"
              refY="3"
            >
              <path
                d="M0,0 L0,6 L10,3 z"
                fill="red"
              />
            </marker>
            <marker
              id="arrow00001element2element3-end"
              markerHeight="12"
              markerUnits="strokeWidth"
              markerWidth="12"
              orient="auto-start-reverse"
              refX="7"
              refY="6"
            >
              <circle
                cx="6"
                cy="6"
                fill="blue"
                r="3"
                stroke="black"
                stroke-width="1"
              />
            </marker>
            <marker
              id="arrow00001element4root-end"
              markerHeight="8"
              markerUnits="strokeWidth"
              markerWidth="8"
              orient="auto-start-reverse"
              refX="5"
              refY="4"
            >
              <circle
                cx="4"
                cy="4"
                fill="#c0ffee"
                r="2"
                stroke="tomato"
                stroke-width="1"
              />
            </marker>
          </defs>
          <g>
            <path
              d="M0,0 C0,-10 0,-10 0,-20"
              marker-end="url(#arrow00001rootelement2-end)"
              style="fill: none; stroke: red; stroke-width: 2; stroke-dasharray: 5,5;"
            />
          </g>
          <g>
            <path
              d="M0,0 C-1.5,0 -1.5,0 -3,0"
              marker-end="url(#arrow00001element2element3-end)"
              style="fill: none; stroke: blue; stroke-width: 1;"
            />
            <foreignobject
              height="1"
              style="overflow: visible; pointer-events: none;"
              width="3"
              x="-3"
              y="0"
            >
              <div
                style="position: absolute; left: 50%; top: 50%; transform: translateX(-50%) translateY(-50%); pointer-events: all;"
              >
                <div>
                  <div
                    style="margin-top: -20px;"
                  >
                    Arrow 2
                  </div>
                </div>
              </div>
            </foreignobject>
          </g>
          <g>
            <path
              d="M0,0 C2,0 2,0 4,0"
              marker-end="url(#arrow00001element4root-end)"
              style="fill: none; stroke: red; stroke-width: 2;"
            />
            <foreignobject
              height="1"
              style="overflow: visible; pointer-events: none;"
              width="4"
              x="0"
              y="0"
            >
              <div
                style="position: absolute; left: 50%; top: 50%; transform: translateX(-50%) translateY(-50%); pointer-events: all;"
              >
                <div>
                  Arrow 3
                </div>
              </div>
            </foreignobject>
          </g>
        </svg>
        <div
          style="height: 100%;"
        >
          <div>
            <div
              style="display: flex; justify-content: center;"
            >
              <div
                style="padding: 10px; border: 1px solid black;"
              >
                Root
              </div>
            </div>
            <div
              style="margin: 200px 0px; display: flex; justify-content: space-between;"
            >
              <div
                style="padding: 10px; border: 1px solid black;"
              >
                Element 2
              </div>
              <div
                style="padding: 10px; border: 1px solid black;"
              >
                Element 3
              </div>
              <div
                style="padding: 10px; border: 1px solid black;"
              >
                Element 4
              </div>
            </div>
          </div>
        </div>
      </div>
    </div>
  </div>
</body>
`;
